
> koushik-portfolio@0.1.0 build
> next build

  ▲ Next.js 15.0.0
  - Environments: .env.local
  - Experiments (use with caution):
    · optimizeCss

   Creating an optimized production build ...
 ✓ Compiled successfully
   Linting and checking validity of types ...
   Collecting page data ...
   Generating static pages (0/4) ...
 ⚠ metadataBase property in metadata export is not set for resolving social open graph or twitter images, using "http://localhost:3000". See https://nextjs.org/docs/app/api-reference/functions/generate-metadata#metadatabase
   Generating static pages (1/4) 
   Generating static pages (2/4) 
   Generating static pages (3/4) 
 ✓ Generating static pages (4/4)
   Finalizing page optimization ...
   Collecting build traces ...

Route (app)                              Size     First Load JS
┌ ○ /                                    55.5 kB         155 kB
└ ○ /_not-found                          896 B           100 kB
+ First Load JS shared by all            99.1 kB
  ├ chunks/215-8acdcc8bb118b23e.js       44.6 kB
  ├ chunks/4bd1b696-81a9dfe52645d0f1.js  52.6 kB
  └ other shared chunks (total)          1.88 kB


○  (Static)  prerendered as static content

